	.file	"ns430-uart.c"
	.arch msp430f2013
	.cpu 430
	.mpy none

	.section	.debug_abbrev,"",@progbits
.Ldebug_abbrev0:
	.section	.debug_info,"",@progbits
.Ldebug_info0:
	.section	.debug_line,"",@progbits
.Ldebug_line0:
	.text
.Ltext0:
	.p2align 1,0
.global	uart_putchar
	.type	uart_putchar,@function
/***********************
 * Function `uart_putchar' 
 ***********************/
uart_putchar:
.LFB0:
	.file 1 "ns430-uart.c"
	.loc 1 8 0
.LVL0:
.L2:
	.loc 1 9 0 discriminator 1
	bit	#3,&__UART0_SR
	jeq	.L2
	.loc 1 12 0
	mov.b	r15, r15
.LVL1:
	mov	r15, &__UART0_TDR
.LVL2:
	.loc 1 13 0
	ret
.LFE0:
.Lfe1:
	.size	uart_putchar,.Lfe1-uart_putchar
;; End of function 

	.p2align 1,0
.global	uart_getchar
	.type	uart_getchar,@function
/***********************
 * Function `uart_getchar' 
 ***********************/
uart_getchar:
.LFB1:
	.loc 1 16 0
.L5:
	.loc 1 19 0 discriminator 1
	bit	#4,&__UART0_SR
	jeq	.L5
	.loc 1 22 0
	mov	&__UART0_RDR, r15
.LVL3:
	.loc 1 24 0
	ret
.LFE1:
.Lfe2:
	.size	uart_getchar,.Lfe2-uart_getchar
;; End of function 

	.p2align 1,0
.global	uart_puts
	.type	uart_puts,@function
/***********************
 * Function `uart_puts' 
 ***********************/
uart_puts:
.LFB2:
	.loc 1 28 0
.LVL4:
	push	r11
.LCFI0:
	push	r10
.LCFI1:
	mov	r15, r11
.LVL5:
.L8:
	.loc 1 33 0
	mov.b	@r11, r10
.LVL6:
	.loc 1 34 0
	mov.b	r10, r15
	call	#uart_putchar
.LVL7:
	add	#1, r11
	.loc 1 32 0
	cmp.b	#0, r10
	jne	.L8
	.loc 1 36 0
	mov.b	#13, r15
	call	#uart_putchar
	.loc 1 37 0
	mov.b	#10, r15
	call	#uart_putchar
	.loc 1 38 0
	pop	r10
.LVL8:
	pop	r11
	ret
.LFE2:
.Lfe3:
	.size	uart_puts,.Lfe3-uart_puts
;; End of function 

	.section	.debug_frame,"",@progbits
.Lframe0:
	.4byte	.LECIE0-.LSCIE0
.LSCIE0:
	.4byte	0xffffffff
	.byte	0x1
	.string	""
	.uleb128 0x1
	.sleb128 -2
	.byte	0x0
	.byte	0xc
	.uleb128 0x1
	.uleb128 0x2
	.byte	0x80
	.uleb128 0x1
	.p2align 1,0
.LECIE0:
.LSFDE0:
	.4byte	.LEFDE0-.LASFDE0
.LASFDE0:
	.4byte	.Lframe0
	.2byte	.LFB0
	.2byte	.LFE0-.LFB0
	.p2align 1,0
.LEFDE0:
.LSFDE2:
	.4byte	.LEFDE2-.LASFDE2
.LASFDE2:
	.4byte	.Lframe0
	.2byte	.LFB1
	.2byte	.LFE1-.LFB1
	.p2align 1,0
.LEFDE2:
.LSFDE4:
	.4byte	.LEFDE4-.LASFDE4
.LASFDE4:
	.4byte	.Lframe0
	.2byte	.LFB2
	.2byte	.LFE2-.LFB2
	.byte	0x4
	.4byte	.LCFI0-.LFB2
	.byte	0xe
	.uleb128 0x4
	.byte	0x4
	.4byte	.LCFI1-.LCFI0
	.byte	0xe
	.uleb128 0x6
	.byte	0x8a
	.uleb128 0x3
	.byte	0x8b
	.uleb128 0x2
	.p2align 1,0
.LEFDE4:
	.text
.Letext0:
	.section	.debug_loc,"",@progbits
.Ldebug_loc0:
.LLST0:
	.2byte	.LFB2-.Ltext0
	.2byte	.LCFI0-.Ltext0
	.2byte	0x2
	.byte	0x71
	.sleb128 2
	.2byte	.LCFI0-.Ltext0
	.2byte	.LCFI1-.Ltext0
	.2byte	0x2
	.byte	0x71
	.sleb128 4
	.2byte	.LCFI1-.Ltext0
	.2byte	.LFE2-.Ltext0
	.2byte	0x2
	.byte	0x71
	.sleb128 6
	.2byte	0x0
	.2byte	0x0
.LLST1:
	.2byte	.LVL4-.Ltext0
	.2byte	.LVL5-.Ltext0
	.2byte	0x1
	.byte	0x5f
	.2byte	0x0
	.2byte	0x0
.LLST2:
	.2byte	0x0
	.2byte	0x0
.LLST3:
	.2byte	.LVL6-.Ltext0
	.2byte	.LVL7-1-.Ltext0
	.2byte	0x2
	.byte	0x7b
	.sleb128 0
	.2byte	.LVL7-1-.Ltext0
	.2byte	.LVL8-.Ltext0
	.2byte	0x1
	.byte	0x5a
	.2byte	0x0
	.2byte	0x0
	.file 2 "ns430.h"
	.file 3 "ns430-atoi.h"
	.section	.debug_info
	.4byte	0x14d
	.2byte	0x2
	.4byte	.Ldebug_abbrev0
	.byte	0x2
	.uleb128 0x1
	.4byte	.LASF14
	.byte	0x1
	.4byte	.LASF15
	.4byte	.LASF16
	.2byte	.Ltext0
	.2byte	.Letext0
	.4byte	.Ldebug_line0
	.uleb128 0x2
	.4byte	.LASF2
	.byte	0x2
	.byte	0x4
	.4byte	0x2c
	.uleb128 0x3
	.byte	0x1
	.byte	0x8
	.4byte	.LASF0
	.uleb128 0x3
	.byte	0x1
	.byte	0x6
	.4byte	.LASF1
	.uleb128 0x2
	.4byte	.LASF3
	.byte	0x2
	.byte	0x6
	.4byte	0x45
	.uleb128 0x3
	.byte	0x2
	.byte	0x7
	.4byte	.LASF4
	.uleb128 0x4
	.byte	0x2
	.byte	0x5
	.string	"int"
	.uleb128 0x2
	.4byte	.LASF5
	.byte	0x2
	.byte	0x9
	.4byte	0x21
	.uleb128 0x5
	.byte	0x1
	.4byte	.LASF6
	.byte	0x1
	.byte	0x7
	.byte	0x1
	.2byte	.LFB0
	.2byte	.LFE0
	.byte	0x2
	.byte	0x71
	.sleb128 2
	.4byte	0x7e
	.uleb128 0x6
	.string	"c"
	.byte	0x1
	.byte	0x7
	.4byte	0x21
	.byte	0x1
	.byte	0x5f
	.byte	0x0
	.uleb128 0x7
	.byte	0x1
	.4byte	.LASF17
	.byte	0x1
	.byte	0xf
	.byte	0x1
	.4byte	0x21
	.2byte	.LFB1
	.2byte	.LFE1
	.byte	0x2
	.byte	0x71
	.sleb128 2
	.4byte	0xa2
	.uleb128 0x8
	.string	"c"
	.byte	0x1
	.byte	0x11
	.4byte	0x21
	.byte	0x1
	.byte	0x5f
	.byte	0x0
	.uleb128 0x9
	.byte	0x1
	.4byte	.LASF7
	.byte	0x1
	.byte	0x1b
	.byte	0x1
	.2byte	.LFB2
	.2byte	.LFE2
	.4byte	.LLST0
	.4byte	0xdf
	.uleb128 0xa
	.string	"s"
	.byte	0x1
	.byte	0x1b
	.4byte	0xdf
	.4byte	.LLST1
	.uleb128 0xb
	.string	"i"
	.byte	0x1
	.byte	0x1d
	.4byte	0x3a
	.4byte	.LLST2
	.uleb128 0xb
	.string	"c"
	.byte	0x1
	.byte	0x1e
	.4byte	0x21
	.4byte	.LLST3
	.byte	0x0
	.uleb128 0xc
	.byte	0x2
	.4byte	0x53
	.uleb128 0xd
	.4byte	.LASF8
	.byte	0x3
	.byte	0xb5
	.4byte	.LASF10
	.4byte	0xf6
	.byte	0x1
	.byte	0x1
	.uleb128 0xe
	.4byte	0x45
	.uleb128 0xd
	.4byte	.LASF9
	.byte	0x3
	.byte	0xb7
	.4byte	.LASF11
	.4byte	0xf6
	.byte	0x1
	.byte	0x1
	.uleb128 0xd
	.4byte	.LASF12
	.byte	0x3
	.byte	0xb9
	.4byte	.LASF13
	.4byte	0xf6
	.byte	0x1
	.byte	0x1
	.uleb128 0xd
	.4byte	.LASF8
	.byte	0x3
	.byte	0xb5
	.4byte	.LASF10
	.4byte	0xf6
	.byte	0x1
	.byte	0x1
	.uleb128 0xd
	.4byte	.LASF9
	.byte	0x3
	.byte	0xb7
	.4byte	.LASF11
	.4byte	0xf6
	.byte	0x1
	.byte	0x1
	.uleb128 0xd
	.4byte	.LASF12
	.byte	0x3
	.byte	0xb9
	.4byte	.LASF13
	.4byte	0xf6
	.byte	0x1
	.byte	0x1
	.byte	0x0
	.section	.debug_abbrev
	.uleb128 0x1
	.uleb128 0x11
	.byte	0x1
	.uleb128 0x25
	.uleb128 0xe
	.uleb128 0x13
	.uleb128 0xb
	.uleb128 0x3
	.uleb128 0xe
	.uleb128 0x1b
	.uleb128 0xe
	.uleb128 0x11
	.uleb128 0x1
	.uleb128 0x12
	.uleb128 0x1
	.uleb128 0x10
	.uleb128 0x6
	.byte	0x0
	.byte	0x0
	.uleb128 0x2
	.uleb128 0x16
	.byte	0x0
	.uleb128 0x3
	.uleb128 0xe
	.uleb128 0x3a
	.uleb128 0xb
	.uleb128 0x3b
	.uleb128 0xb
	.uleb128 0x49
	.uleb128 0x13
	.byte	0x0
	.byte	0x0
	.uleb128 0x3
	.uleb128 0x24
	.byte	0x0
	.uleb128 0xb
	.uleb128 0xb
	.uleb128 0x3e
	.uleb128 0xb
	.uleb128 0x3
	.uleb128 0xe
	.byte	0x0
	.byte	0x0
	.uleb128 0x4
	.uleb128 0x24
	.byte	0x0
	.uleb128 0xb
	.uleb128 0xb
	.uleb128 0x3e
	.uleb128 0xb
	.uleb128 0x3
	.uleb128 0x8
	.byte	0x0
	.byte	0x0
	.uleb128 0x5
	.uleb128 0x2e
	.byte	0x1
	.uleb128 0x3f
	.uleb128 0xc
	.uleb128 0x3
	.uleb128 0xe
	.uleb128 0x3a
	.uleb128 0xb
	.uleb128 0x3b
	.uleb128 0xb
	.uleb128 0x27
	.uleb128 0xc
	.uleb128 0x11
	.uleb128 0x1
	.uleb128 0x12
	.uleb128 0x1
	.uleb128 0x40
	.uleb128 0xa
	.uleb128 0x1
	.uleb128 0x13
	.byte	0x0
	.byte	0x0
	.uleb128 0x6
	.uleb128 0x5
	.byte	0x0
	.uleb128 0x3
	.uleb128 0x8
	.uleb128 0x3a
	.uleb128 0xb
	.uleb128 0x3b
	.uleb128 0xb
	.uleb128 0x49
	.uleb128 0x13
	.uleb128 0x2
	.uleb128 0xa
	.byte	0x0
	.byte	0x0
	.uleb128 0x7
	.uleb128 0x2e
	.byte	0x1
	.uleb128 0x3f
	.uleb128 0xc
	.uleb128 0x3
	.uleb128 0xe
	.uleb128 0x3a
	.uleb128 0xb
	.uleb128 0x3b
	.uleb128 0xb
	.uleb128 0x27
	.uleb128 0xc
	.uleb128 0x49
	.uleb128 0x13
	.uleb128 0x11
	.uleb128 0x1
	.uleb128 0x12
	.uleb128 0x1
	.uleb128 0x40
	.uleb128 0xa
	.uleb128 0x1
	.uleb128 0x13
	.byte	0x0
	.byte	0x0
	.uleb128 0x8
	.uleb128 0x34
	.byte	0x0
	.uleb128 0x3
	.uleb128 0x8
	.uleb128 0x3a
	.uleb128 0xb
	.uleb128 0x3b
	.uleb128 0xb
	.uleb128 0x49
	.uleb128 0x13
	.uleb128 0x2
	.uleb128 0xa
	.byte	0x0
	.byte	0x0
	.uleb128 0x9
	.uleb128 0x2e
	.byte	0x1
	.uleb128 0x3f
	.uleb128 0xc
	.uleb128 0x3
	.uleb128 0xe
	.uleb128 0x3a
	.uleb128 0xb
	.uleb128 0x3b
	.uleb128 0xb
	.uleb128 0x27
	.uleb128 0xc
	.uleb128 0x11
	.uleb128 0x1
	.uleb128 0x12
	.uleb128 0x1
	.uleb128 0x40
	.uleb128 0x6
	.uleb128 0x1
	.uleb128 0x13
	.byte	0x0
	.byte	0x0
	.uleb128 0xa
	.uleb128 0x5
	.byte	0x0
	.uleb128 0x3
	.uleb128 0x8
	.uleb128 0x3a
	.uleb128 0xb
	.uleb128 0x3b
	.uleb128 0xb
	.uleb128 0x49
	.uleb128 0x13
	.uleb128 0x2
	.uleb128 0x6
	.byte	0x0
	.byte	0x0
	.uleb128 0xb
	.uleb128 0x34
	.byte	0x0
	.uleb128 0x3
	.uleb128 0x8
	.uleb128 0x3a
	.uleb128 0xb
	.uleb128 0x3b
	.uleb128 0xb
	.uleb128 0x49
	.uleb128 0x13
	.uleb128 0x2
	.uleb128 0x6
	.byte	0x0
	.byte	0x0
	.uleb128 0xc
	.uleb128 0xf
	.byte	0x0
	.uleb128 0xb
	.uleb128 0xb
	.uleb128 0x49
	.uleb128 0x13
	.byte	0x0
	.byte	0x0
	.uleb128 0xd
	.uleb128 0x34
	.byte	0x0
	.uleb128 0x3
	.uleb128 0xe
	.uleb128 0x3a
	.uleb128 0xb
	.uleb128 0x3b
	.uleb128 0xb
	.uleb128 0x2007
	.uleb128 0xe
	.uleb128 0x49
	.uleb128 0x13
	.uleb128 0x3f
	.uleb128 0xc
	.uleb128 0x3c
	.uleb128 0xc
	.byte	0x0
	.byte	0x0
	.uleb128 0xe
	.uleb128 0x35
	.byte	0x0
	.uleb128 0x49
	.uleb128 0x13
	.byte	0x0
	.byte	0x0
	.byte	0x0
	.section	.debug_pubnames,"",@progbits
	.4byte	0x3e
	.2byte	0x2
	.4byte	.Ldebug_info0
	.4byte	0x151
	.4byte	0x5e
	.string	"uart_putchar"
	.4byte	0x7e
	.string	"uart_getchar"
	.4byte	0xa2
	.string	"uart_puts"
	.4byte	0x0
	.section	.debug_pubtypes,"",@progbits
	.4byte	0x31
	.2byte	0x2
	.4byte	.Ldebug_info0
	.4byte	0x151
	.4byte	0x21
	.string	"uint8_t"
	.4byte	0x3a
	.string	"uint16_t"
	.4byte	0x53
	.string	"str_t"
	.4byte	0x0
	.section	.debug_aranges,"",@progbits
	.4byte	0x10
	.2byte	0x2
	.4byte	.Ldebug_info0
	.byte	0x2
	.byte	0x0
	.2byte	.Ltext0
	.2byte	.Letext0-.Ltext0
	.2byte	0x0
	.2byte	0x0
	.section	.debug_str,"MS",@progbits,1
.LASF4:
	.string	"unsigned int"
.LASF2:
	.string	"uint8_t"
.LASF10:
	.string	"*__UART0_SR"
.LASF13:
	.string	"*__UART0_TDR"
.LASF1:
	.string	"signed char"
.LASF9:
	.string	"UART0_RDR"
.LASF6:
	.string	"uart_putchar"
.LASF5:
	.string	"str_t"
.LASF11:
	.string	"*__UART0_RDR"
.LASF8:
	.string	"UART0_SR"
.LASF3:
	.string	"uint16_t"
.LASF16:
	.string	"/home/dan/430/msp4th"
.LASF0:
	.string	"unsigned char"
.LASF14:
	.string	"GNU C 4.5.3"
.LASF15:
	.string	"ns430-uart.c"
.LASF17:
	.string	"uart_getchar"
.LASF12:
	.string	"UART0_TDR"
.LASF7:
	.string	"uart_puts"
